// Jest Snapshot v1, https://goo.gl/fbAQLP

exports[`<Carrinho /> renders correctly 1`] = `
<RCTScrollView>
  <View>
    <View
      style={
        {
          "alignItems": "center",
          "display": "flex",
          "flexDirection": "column",
          "justifyContent": "center",
          "padding": 20,
          "width": "100%",
        }
      }
    >
      <View
        style={
          {
            "marginBottom": 20,
          }
        }
      >
        <Text
          style={
            {
              "color": "#000",
              "fontSize": 30,
              "fontWeight": "900",
              "marginBottom": 5,
              "textAlign": "center",
            }
          }
        >
          Itens do carrinho
        </Text>
        <View
          accessibilityRole="button"
          accessibilityState={
            {
              "busy": undefined,
              "checked": undefined,
              "disabled": undefined,
              "expanded": undefined,
              "selected": undefined,
            }
          }
          accessibilityValue={
            {
              "max": undefined,
              "min": undefined,
              "now": undefined,
              "text": undefined,
            }
          }
          accessible={true}
          collapsable={false}
          focusable={true}
          onClick={[Function]}
          onResponderGrant={[Function]}
          onResponderMove={[Function]}
          onResponderRelease={[Function]}
          onResponderTerminate={[Function]}
          onResponderTerminationRequest={[Function]}
          onStartShouldSetResponder={[Function]}
          style={
            {
              "opacity": 1,
            }
          }
          testID="voltarHomeButton"
        >
          <View
            style={
              [
                {},
              ]
            }
          >
            <Text
              style={
                [
                  {
                    "color": "#007AFF",
                    "fontSize": 18,
                    "margin": 8,
                    "textAlign": "center",
                  },
                  {
                    "color": "#1acd20",
                  },
                ]
              }
            >
              Adicionar novos itens
            </Text>
          </View>
        </View>
      </View>
      <View
        style={
          {
            "alignItems": "center",
            "display": "flex",
            "flexDirection": "row",
            "height": 190,
            "justifyContent": "center",
            "marginBottom": 10,
            "marginTop": 10,
            "width": "100%",
          }
        }
      >
        <Image
          source={
            {
              "uri": "./img/testMasculino",
            }
          }
          style={
            {
              "height": "100%",
              "width": "40%",
            }
          }
        />
        <View
          style={
            {
              "alignItems": "center",
              "display": "flex",
              "flexDirection": "column",
              "height": "100%",
              "justifyContent": "center",
              "width": "60%",
            }
          }
        >
          <View
            style={
              {
                "alignItems": "center",
                "display": "flex",
                "flexDirection": "column",
                "height": "70%",
                "justifyContent": "space-around",
                "width": "90%",
              }
            }
          >
            <Text
              style={
                {
                  "color": "#000",
                  "fontSize": 16,
                  "fontWeight": "900",
                }
              }
            >
              testMasculino
            </Text>
            <Text
              style={
                {
                  "color": "#000",
                  "fontSize": 14,
                  "fontWeight": "700",
                  "paddingVertical": 15,
                }
              }
            >
              Quantidade: 
              1
            </Text>
            <Text
              style={
                {
                  "color": "#b71919",
                  "fontSize": 14,
                  "fontWeight": "900",
                  "padding": 5,
                }
              }
            >
              R$Â 1,50
            </Text>
            <View
              style={
                {
                  "display": "flex",
                  "flexDirection": "row",
                  "justifyContent": "space-evenly",
                  "paddingVertical": 15,
                  "width": 100,
                }
              }
            >
              <View
                accessibilityState={
                  {
                    "busy": undefined,
                    "checked": undefined,
                    "disabled": undefined,
                    "expanded": undefined,
                    "selected": undefined,
                  }
                }
                accessibilityValue={
                  {
                    "max": undefined,
                    "min": undefined,
                    "now": undefined,
                    "text": undefined,
                  }
                }
                accessible={true}
                collapsable={false}
                focusable={true}
                onBlur={[Function]}
                onClick={[Function]}
                onFocus={[Function]}
                onResponderGrant={[Function]}
                onResponderMove={[Function]}
                onResponderRelease={[Function]}
                onResponderTerminate={[Function]}
                onResponderTerminationRequest={[Function]}
                onStartShouldSetResponder={[Function]}
                style={
                  {
                    "alignItems": "center",
                    "backgroundColor": "#1acd20",
                    "borderRadius": 100,
                    "display": "flex",
                    "height": 35,
                    "justifyContent": "center",
                    "padding": 7,
                    "width": 35,
                  }
                }
                testID="incrementTouch0"
              >
                <Text
                  style={
                    {
                      "color": "#fff",
                      "fontWeight": "900",
                    }
                  }
                >
                  +
                </Text>
              </View>
              <View
                accessibilityState={
                  {
                    "busy": undefined,
                    "checked": undefined,
                    "disabled": undefined,
                    "expanded": undefined,
                    "selected": undefined,
                  }
                }
                accessibilityValue={
                  {
                    "max": undefined,
                    "min": undefined,
                    "now": undefined,
                    "text": undefined,
                  }
                }
                accessible={true}
                collapsable={false}
                focusable={true}
                onBlur={[Function]}
                onClick={[Function]}
                onFocus={[Function]}
                onResponderGrant={[Function]}
                onResponderMove={[Function]}
                onResponderRelease={[Function]}
                onResponderTerminate={[Function]}
                onResponderTerminationRequest={[Function]}
                onStartShouldSetResponder={[Function]}
                style={
                  {
                    "alignItems": "center",
                    "backgroundColor": "#fe0f0f",
                    "borderRadius": 100,
                    "display": "flex",
                    "height": 35,
                    "justifyContent": "center",
                    "padding": 7,
                    "width": 35,
                  }
                }
                testID="decrementTouch0"
              >
                <Text
                  style={
                    {
                      "color": "#fff",
                      "fontWeight": "900",
                    }
                  }
                >
                  -
                </Text>
              </View>
            </View>
          </View>
          <View
            accessibilityState={
              {
                "busy": undefined,
                "checked": undefined,
                "disabled": undefined,
                "expanded": undefined,
                "selected": undefined,
              }
            }
            accessibilityValue={
              {
                "max": undefined,
                "min": undefined,
                "now": undefined,
                "text": undefined,
              }
            }
            accessible={true}
            collapsable={false}
            focusable={true}
            onBlur={[Function]}
            onClick={[Function]}
            onFocus={[Function]}
            onResponderGrant={[Function]}
            onResponderMove={[Function]}
            onResponderRelease={[Function]}
            onResponderTerminate={[Function]}
            onResponderTerminationRequest={[Function]}
            onStartShouldSetResponder={[Function]}
            style={
              {
                "alignItems": "center",
                "backgroundColor": "#fe0f0f",
                "borderRadius": 15,
                "display": "flex",
                "height": 35,
                "justifyContent": "center",
                "padding": 7,
              }
            }
            testID="retirarCarrinho0"
          >
            <Text
              style={
                {
                  "color": "#fff",
                  "fontWeight": "900",
                }
              }
            >
              Retirar do Carrinho
            </Text>
          </View>
        </View>
      </View>
    </View>
  </View>
</RCTScrollView>
`;
