// Jest Snapshot v1, https://goo.gl/fbAQLP

exports[`<Product /> renders correctly 1`] = `
<RCTScrollView>
  <View>
    <View
      style={
        {
          "alignItems": "center",
          "display": "flex",
          "flex": 1,
          "flexDirection": "column",
          "justifyContent": "center",
          "marginBottom": 15,
        }
      }
    >
      <View
        style={
          {
            "alignItems": "center",
            "display": "flex",
            "flexDirection": "column",
            "justifyContent": "space-between",
            "marginVertical": 15,
            "width": "100%",
          }
        }
      >
        <Image
          source={
            {
              "uri": "./img/testMasculino",
            }
          }
          style={
            {
              "alignItems": "center",
              "display": "flex",
              "height": 220,
              "justifyContent": "center",
              "marginBottom": 15,
              "width": 180,
            }
          }
          testID="imageProduto"
        />
        <Text
          style={
            {
              "color": "#000",
              "fontSize": 15,
              "fontWeight": "900",
              "marginBottom": 15,
              "textAlign": "center",
              "width": 300,
            }
          }
        >
          testMasculino
        </Text>
        <Text
          style={
            {
              "marginBottom": 15,
              "paddingHorizontal": 5,
              "textAlign": "justify",
            }
          }
        >
          testandoMasculino
        </Text>
        <Text
          style={
            {
              "color": "#b71919",
              "fontSize": 14,
              "fontWeight": "900",
              "marginBottom": 15,
            }
          }
        >
          R$Â 0,00
        </Text>
        <View
          style={
            {
              "alignItems": "center",
              "display": "flex",
              "flexDirection": "row",
              "justifyContent": "center",
              "marginBottom": 15,
              "width": "100%",
            }
          }
        >
          <View
            accessibilityRole="button"
            accessibilityState={
              {
                "busy": undefined,
                "checked": undefined,
                "disabled": undefined,
                "expanded": undefined,
                "selected": undefined,
              }
            }
            accessibilityValue={
              {
                "max": undefined,
                "min": undefined,
                "now": undefined,
                "text": undefined,
              }
            }
            accessible={true}
            collapsable={false}
            focusable={true}
            onClick={[Function]}
            onResponderGrant={[Function]}
            onResponderMove={[Function]}
            onResponderRelease={[Function]}
            onResponderTerminate={[Function]}
            onResponderTerminationRequest={[Function]}
            onStartShouldSetResponder={[Function]}
            style={
              {
                "opacity": 1,
              }
            }
            testID="decrement"
          >
            <View
              style={
                [
                  {},
                ]
              }
            >
              <Text
                style={
                  [
                    {
                      "color": "#007AFF",
                      "fontSize": 18,
                      "margin": 8,
                      "textAlign": "center",
                    },
                  ]
                }
              >
                &lt;
              </Text>
            </View>
          </View>
          <Text
            style={
              {
                "fontWeight": "900",
                "marginHorizontal": 15,
              }
            }
            testID="textQuantidade"
          >
            0
          </Text>
          <View
            accessibilityRole="button"
            accessibilityState={
              {
                "busy": undefined,
                "checked": undefined,
                "disabled": undefined,
                "expanded": undefined,
                "selected": undefined,
              }
            }
            accessibilityValue={
              {
                "max": undefined,
                "min": undefined,
                "now": undefined,
                "text": undefined,
              }
            }
            accessible={true}
            collapsable={false}
            focusable={true}
            onClick={[Function]}
            onResponderGrant={[Function]}
            onResponderMove={[Function]}
            onResponderRelease={[Function]}
            onResponderTerminate={[Function]}
            onResponderTerminationRequest={[Function]}
            onStartShouldSetResponder={[Function]}
            style={
              {
                "opacity": 1,
              }
            }
            testID="increment"
          >
            <View
              style={
                [
                  {},
                ]
              }
            >
              <Text
                style={
                  [
                    {
                      "color": "#007AFF",
                      "fontSize": 18,
                      "margin": 8,
                      "textAlign": "center",
                    },
                  ]
                }
              >
                &gt;
              </Text>
            </View>
          </View>
        </View>
        <View
          accessibilityRole="button"
          accessibilityState={
            {
              "busy": undefined,
              "checked": undefined,
              "disabled": undefined,
              "expanded": undefined,
              "selected": undefined,
            }
          }
          accessibilityValue={
            {
              "max": undefined,
              "min": undefined,
              "now": undefined,
              "text": undefined,
            }
          }
          accessible={true}
          collapsable={false}
          focusable={true}
          onClick={[Function]}
          onResponderGrant={[Function]}
          onResponderMove={[Function]}
          onResponderRelease={[Function]}
          onResponderTerminate={[Function]}
          onResponderTerminationRequest={[Function]}
          onStartShouldSetResponder={[Function]}
          style={
            {
              "opacity": 1,
            }
          }
          testID="carrinhoButton"
        >
          <View
            style={
              [
                {},
              ]
            }
          >
            <Text
              style={
                [
                  {
                    "color": "#007AFF",
                    "fontSize": 18,
                    "margin": 8,
                    "textAlign": "center",
                  },
                ]
              }
            >
              Adicionar ao Carrinho
            </Text>
          </View>
        </View>
      </View>
    </View>
  </View>
</RCTScrollView>
`;
