// Jest Snapshot v1, https://goo.gl/fbAQLP

exports[`<Produto /> renders correctly 1`] = `
<RNCSafeAreaProvider
  onInsetsChange={[Function]}
  style={
    [
      {
        "flex": 1,
      },
      undefined,
    ]
  }
>
  <RNSScreenStack
    style={
      {
        "flex": 1,
      }
    }
  >
    <RNSScreen
      collapsable={false}
      gestureResponseDistance={
        {
          "bottom": -1,
          "end": -1,
          "start": -1,
          "top": -1,
        }
      }
      nativeBackButtonDismissalEnabled={false}
      onAppear={[Function]}
      onDisappear={[Function]}
      onDismissed={[Function]}
      onGestureCancel={[Function]}
      onHeaderBackButtonClicked={[Function]}
      onNativeDismissCancelled={[Function]}
      onTransitionProgress={[Function]}
      onWillDisappear={[Function]}
      replaceAnimation="push"
      sheetAllowedDetents="large"
      sheetCornerRadius={-1}
      sheetExpandsWhenScrolledToEdge={true}
      sheetGrabberVisible={false}
      sheetLargestUndimmedDetent="all"
      stackPresentation="push"
      style={
        {
          "bottom": 0,
          "left": 0,
          "position": "absolute",
          "right": 0,
          "top": 0,
        }
      }
      swipeDirection="horizontal"
    >
      <RNSScreenStackHeaderConfig
        backButtonInCustomView={false}
        backTitleVisible={true}
        backgroundColor="rgb(255, 255, 255)"
        color="rgb(0, 122, 255)"
        direction="ltr"
        disableBackButtonMenu={false}
        hidden={false}
        hideBackButton={false}
        largeTitleHideShadow={false}
        title="Produto"
        titleColor="rgb(28, 28, 30)"
        topInsetEnabled={false}
        translucent={false}
      />
      <View
        accessibilityElementsHidden={false}
        importantForAccessibility="auto"
        style={
          {
            "flex": 1,
            "flexDirection": "column-reverse",
          }
        }
      >
        <View
          style={
            [
              {
                "flex": 1,
              },
              {
                "backgroundColor": "rgb(242, 242, 242)",
              },
              undefined,
            ]
          }
        >
          <RCTScrollView>
            <View>
              <View
                style={
                  {
                    "alignItems": "center",
                    "display": "flex",
                    "flexDirection": "column",
                    "justifyContent": "center",
                  }
                }
              >
                <View
                  style={
                    {
                      "alignItems": "center",
                      "display": "flex",
                      "flexDirection": "column",
                      "height": 500,
                      "justifyContent": "space-between",
                      "marginTop": 10,
                      "width": "100%",
                    }
                  }
                >
                  <Image
                    source={
                      {
                        "uri": "./img/test",
                      }
                    }
                    style={
                      {
                        "alignItems": "center",
                        "display": "flex",
                        "height": 220,
                        "justifyContent": "center",
                        "width": 180,
                      }
                    }
                    testID="imageProduto"
                  />
                  <Text
                    style={
                      {
                        "color": "#000",
                        "fontSize": 15,
                        "fontWeight": "900",
                      }
                    }
                  >
                    testMasculino
                  </Text>
                  <Text
                    style={
                      {
                        "paddingHorizontal": 5,
                        "textAlign": "justify",
                      }
                    }
                  >
                    testandoMasculino
                  </Text>
                  <Text
                    style={
                      {
                        "color": "#b71919",
                        "fontSize": 14,
                        "fontWeight": "900",
                      }
                    }
                  >
                    R$ 0
                  </Text>
                  <View
                    style={
                      {
                        "alignItems": "center",
                        "display": "flex",
                        "flexDirection": "row",
                        "justifyContent": "center",
                        "width": "100%",
                      }
                    }
                  >
                    <View
                      accessibilityRole="button"
                      accessibilityState={
                        {
                          "busy": undefined,
                          "checked": undefined,
                          "disabled": undefined,
                          "expanded": undefined,
                          "selected": undefined,
                        }
                      }
                      accessibilityValue={
                        {
                          "max": undefined,
                          "min": undefined,
                          "now": undefined,
                          "text": undefined,
                        }
                      }
                      accessible={true}
                      collapsable={false}
                      focusable={true}
                      onClick={[Function]}
                      onResponderGrant={[Function]}
                      onResponderMove={[Function]}
                      onResponderRelease={[Function]}
                      onResponderTerminate={[Function]}
                      onResponderTerminationRequest={[Function]}
                      onStartShouldSetResponder={[Function]}
                      style={
                        {
                          "opacity": 1,
                        }
                      }
                      testID="decrement"
                    >
                      <View
                        style={
                          [
                            {},
                          ]
                        }
                      >
                        <Text
                          style={
                            [
                              {
                                "color": "#007AFF",
                                "fontSize": 18,
                                "margin": 8,
                                "textAlign": "center",
                              },
                            ]
                          }
                        >
                          &lt;
                        </Text>
                      </View>
                    </View>
                    <Text
                      style={
                        {
                          "fontWeight": "900",
                          "marginHorizontal": 15,
                        }
                      }
                      testID="textQuantidade"
                    >
                      0
                    </Text>
                    <View
                      accessibilityRole="button"
                      accessibilityState={
                        {
                          "busy": undefined,
                          "checked": undefined,
                          "disabled": undefined,
                          "expanded": undefined,
                          "selected": undefined,
                        }
                      }
                      accessibilityValue={
                        {
                          "max": undefined,
                          "min": undefined,
                          "now": undefined,
                          "text": undefined,
                        }
                      }
                      accessible={true}
                      collapsable={false}
                      focusable={true}
                      onClick={[Function]}
                      onResponderGrant={[Function]}
                      onResponderMove={[Function]}
                      onResponderRelease={[Function]}
                      onResponderTerminate={[Function]}
                      onResponderTerminationRequest={[Function]}
                      onStartShouldSetResponder={[Function]}
                      style={
                        {
                          "opacity": 1,
                        }
                      }
                      testID="increment"
                    >
                      <View
                        style={
                          [
                            {},
                          ]
                        }
                      >
                        <Text
                          style={
                            [
                              {
                                "color": "#007AFF",
                                "fontSize": 18,
                                "margin": 8,
                                "textAlign": "center",
                              },
                            ]
                          }
                        >
                          &gt;
                        </Text>
                      </View>
                    </View>
                  </View>
                  <View
                    accessibilityRole="button"
                    accessibilityState={
                      {
                        "busy": undefined,
                        "checked": undefined,
                        "disabled": undefined,
                        "expanded": undefined,
                        "selected": undefined,
                      }
                    }
                    accessibilityValue={
                      {
                        "max": undefined,
                        "min": undefined,
                        "now": undefined,
                        "text": undefined,
                      }
                    }
                    accessible={true}
                    collapsable={false}
                    focusable={true}
                    onClick={[Function]}
                    onResponderGrant={[Function]}
                    onResponderMove={[Function]}
                    onResponderRelease={[Function]}
                    onResponderTerminate={[Function]}
                    onResponderTerminationRequest={[Function]}
                    onStartShouldSetResponder={[Function]}
                    style={
                      {
                        "opacity": 1,
                      }
                    }
                    testID="carrinhoButton"
                  >
                    <View
                      style={
                        [
                          {},
                        ]
                      }
                    >
                      <Text
                        style={
                          [
                            {
                              "color": "#007AFF",
                              "fontSize": 18,
                              "margin": 8,
                              "textAlign": "center",
                            },
                          ]
                        }
                      >
                        Adicionar ao Carrinho
                      </Text>
                    </View>
                  </View>
                </View>
              </View>
            </View>
          </RCTScrollView>
        </View>
      </View>
    </RNSScreen>
  </RNSScreenStack>
</RNCSafeAreaProvider>
`;
